[corpthemes.com/html/oneadmin/index04b9.html]
[backblue.gif]
[fade.gif]
[index.html]
[corpthemes.com/html/oneadmin/images/icon/favicon.png]
[corpthemes.com/html/oneadmin/index.html]
[corpthemes.com/html/oneadmin/images/logo.png]
[corpthemes.com/html/oneadmin/images/icon/search.png]
[corpthemes.com/html/oneadmin/images/icon/setting.png]
[corpthemes.com/html/oneadmin/images/avatar/01.png]
[corpthemes.com/html/oneadmin/images/icon/menu-right.png]
[corpthemes.com/html/oneadmin/images/avatar/avatar-dashboard.png]
[corpthemes.com/html/oneadmin/images/icon/monitor.png]
[corpthemes.com/html/oneadmin/images/icon/message.png]
[corpthemes.com/html/oneadmin/images/icon/calendar.png]
[corpthemes.com/html/oneadmin/images/icon/pages.png]
[corpthemes.com/html/oneadmin/images/icon/apps.png]
[corpthemes.com/html/oneadmin/images/icon/setting-02.png]
[corpthemes.com/html/oneadmin/images/icon/progress.png]
[corpthemes.com/html/oneadmin/images/icon/task.png]
[corpthemes.com/html/oneadmin/images/icon/tick.png]
[corpthemes.com/html/oneadmin/images/icon/chart.png]
[corpthemes.com/html/oneadmin/images/avatar/inbox-01.png]
[corpthemes.com/html/oneadmin/images/avatar/inbox-02.png]
[corpthemes.com/html/oneadmin/images/avatar/inbox-03.png]
[corpthemes.com/html/oneadmin/images/avatar/inbox-04.png]
[corpthemes.com/html/oneadmin/images/icon/download.png]
[corpthemes.com/html/oneadmin/images/avatar/message-01.png]
[corpthemes.com/html/oneadmin/images/avatar/message-02.png]
[corpthemes.com/html/oneadmin/images/avatar/message-03.png]
[corpthemes.com/html/oneadmin/images/avatar/message-04.png]
[corpthemes.com/html/oneadmin/images/avatar/message-05.png]
[corpthemes.com/html/oneadmin/images/icon/bin.png]
[corpthemes.com/html/oneadmin/images/avatar/message-06.png]
[corpthemes.com/html/oneadmin/images/avatar/message-07.png]
[corpthemes.com/html/oneadmin/images/message/01.png]
[corpthemes.com/html/oneadmin/images/message/02.png]
[corpthemes.com/html/oneadmin/images/message/03.png]
[corpthemes.com/html/oneadmin/images/message/04.png]
[corpthemes.com/html/oneadmin/images/icon/pin.png]
[corpthemes.com/html/oneadmin/images/icon/camera.png]
[corpthemes.com/html/oneadmin/images/icon/icon-message.png]
[corpthemes.com/html/oneadmin/images/avatar/02.png]
[corpthemes.com/html/oneadmin/images/avatar/03.png]
[corpthemes.com/html/oneadmin/images/avatar/04.png]
[corpthemes.com/html/oneadmin/images/avatar/05.png]
[corpthemes.com/html/oneadmin/images/avatar/06.png]
[corpthemes.com/html/oneadmin/images/avatar/07.png]
[corpthemes.com/html/oneadmin/images/avatar/08.png]
[corpthemes.com/html/oneadmin/images/avatar/09.png]
[corpthemes.com/html/oneadmin/images/avatar/10.png]
[corpthemes.com/html/oneadmin/images/avatar/11.png]
[corpthemes.com/html/oneadmin/images/avatar/12.png]
[corpthemes.com/html/oneadmin/images/avatar/13.png]
[corpthemes.com/html/oneadmin/index04b9.html]
[corpthemes.com/html/oneadmin/stylesheets/bootstrap4-alpha3.min.css]
[corpthemes.com/html/oneadmin/stylesheets/style.css]
[corpthemes.com/html/oneadmin/stylesheets/fullcalendar.min.css]
[corpthemes.com/html/oneadmin/stylesheets/fullcalendar.print.min.css]
[corpthemes.com/html/oneadmin/stylesheets/responsive.css]
[corpthemes.com/html/oneadmin/index.html]
[corpthemes.com/html/oneadmin/javascript/jquery.min.js]
[corpthemes.com/html/oneadmin/You must include the utils.js file before tether.4d.delayed]
[corpthemes.com/html/oneadmin/javascript/tether.min.js]
[corpthemes.com/html/oneadmin/javascript/bootstrap4-alpha3.min.js]
[corpthemes.com/html/oneadmin/amcharts/index.html]
[corpthemes.com/html/oneadmin/GET.4e.delayed]
[corpthemes.com/html/oneadmin/homeIcon.gif]
[corpthemes.com/html/oneadmin/javascript/ammap.js]
[corpthemes.com/html/oneadmin/javascript/worldLow.js]
[corpthemes.com/html/oneadmin/javascript/raphael.min.js]
[corpthemes.com/html/oneadmin/javascript/morris.min.js]
[corpthemes.com/html/oneadmin/javascript/Chart.min.js]
[corpthemes.com/html/oneadmin/javascript/moment.min.js]
[corpthemes.com/html/oneadmin/javascript/jquery-ui.js]
[corpthemes.com/html/oneadmin/javascript/fullcalendar.min.js]
[corpthemes.com/html/oneadmin/cdnjs.cloudflare.com/ajax/libs/jquery-mousewheel/3.1.13/jquery.mousewheel.min.js]
[corpthemes.com/html/oneadmin/javascript/jquery.mCustomScrollbar.js]
[corpthemes.com/html/oneadmin/javascript/smoothscroll.js]
[corpthemes.com/html/oneadmin/javascript/waypoints.min.js]
[corpthemes.com/html/oneadmin/javascript/jquery-countTo.js]
[corpthemes.com/html/oneadmin/javascript/waves.min.js]
[corpthemes.com/html/oneadmin/javascript/canvasjs.min.js]
[corpthemes.com/html/oneadmin/javascript/main.js]
[corpthemes.com/html/oneadmin/stylesheets/mCSB_buttons.png]
[corpthemes.com/html/oneadmin/stylesheets/mCustomScrollbar.css]
[corpthemes.com/html/oneadmin/fonts/fontawesome-webfontd41d.eot]
[corpthemes.com/html/oneadmin/fonts/fontawesome-webfont3e6e.eot]
[corpthemes.com/html/oneadmin/fonts/fontawesome-webfont3e6e.woff2]
[corpthemes.com/html/oneadmin/fonts/fontawesome-webfont3e6e.woff]
[corpthemes.com/html/oneadmin/fonts/fontawesome-webfont3e6e.ttf]
[corpthemes.com/html/oneadmin/stylesheets/font-awesome.css]
[corpthemes.com/html/oneadmin/stylesheets/waves.min.css]
[corpthemes.com/html/oneadmin/fonts/Material-Design-Iconic-Fontd1f1.woff2]
[corpthemes.com/html/oneadmin/fonts/Material-Design-Iconic-Fontd1f1.woff]
[corpthemes.com/html/oneadmin/stylesheets/material-design-iconic-font.min.css]
[corpthemes.com/html/oneadmin/You must include the utils.js file before tether.html]
[corpthemes.com/html/oneadmin/amcharts/index.html]
[corpthemes.com/html/oneadmin/GET.html]
[corpthemes.com/html/oneadmin/homeIcon.html]
[corpthemes.com/html/oneadmin/cdnjs.cloudflare.com/ajax/libs/jquery-mousewheel/3.1.13/jquery.mousewheel.min.html]
[corpthemes.com/html/oneadmin/stylesheets/mCSB_buttons.html]
[corpthemes.com/html/oneadmin/fonts/Material-Design-Iconic-Fontd1f1.ttf]
[corpthemes.com/html/oneadmin/fonts/fontawesome-webfont3e6e.svg]
